
VCFtools - 0.1.17
(C) Adam Auton and Anthony Marcketta 2009

Parameters as interpreted:
	--gzvcf results/svc2/svc_strelka2/results/variants/somatic.snvs.vcf.gz
	--recode-INFO-all
	--max-meanDP 200
	--min-meanDP 5
	--out results/svc2/svc_strelka2/results/variants/somatic.snvs.filtered.vcf
	--recode

Using zlib version: 1.3.2
Warning: Expected at least 2 parts in INFO entry: ID=QSS,Number=1,Type=Integer,Description="Quality score for any somatic snv, ie. for the ALT allele to be present at a significantly different frequency in the tumor and normal">
Warning: Expected at least 2 parts in INFO entry: ID=NT,Number=1,Type=String,Description="Genotype of the normal in all data tiers, as used to classify somatic variants. One of {ref,het,hom,conflict}.">
Warning: Expected at least 2 parts in INFO entry: ID=NT,Number=1,Type=String,Description="Genotype of the normal in all data tiers, as used to classify somatic variants. One of {ref,het,hom,conflict}.">
Warning: Expected at least 2 parts in INFO entry: ID=NT,Number=1,Type=String,Description="Genotype of the normal in all data tiers, as used to classify somatic variants. One of {ref,het,hom,conflict}.">
Warning: Expected at least 2 parts in INFO entry: ID=NT,Number=1,Type=String,Description="Genotype of the normal in all data tiers, as used to classify somatic variants. One of {ref,het,hom,conflict}.">
Warning: Expected at least 2 parts in FORMAT entry: ID=AU,Number=2,Type=Integer,Description="Number of 'A' alleles used in tiers 1,2">
Warning: Expected at least 2 parts in FORMAT entry: ID=CU,Number=2,Type=Integer,Description="Number of 'C' alleles used in tiers 1,2">
Warning: Expected at least 2 parts in FORMAT entry: ID=GU,Number=2,Type=Integer,Description="Number of 'G' alleles used in tiers 1,2">
Warning: Expected at least 2 parts in FORMAT entry: ID=TU,Number=2,Type=Integer,Description="Number of 'T' alleles used in tiers 1,2">
After filtering, kept 2 out of 2 Individuals
Outputting VCF file...
After filtering, kept 2715 out of a possible 2837 Sites
Run Time = 0.00 seconds
